## 一、概述  

锁是计算机协调多个进程或线程并发访问某一资源的机制。在程序开发中会存在多线程同步的问题,当多个线程并发访问某个数据的时候,尤其是针对一些敏感的数据(比如订单、金颜等),我们就需要保证这个数据在任何时刻最多只有—个线程在访问,保证数据的完整性和一致性。在开发过程中加锁是为了保证数据的一致性,这个思想在数据库领域中同样很重要。

在数据库中,除传统的计算资源(如CPU、RAM、IO等)的争用以外,数据也是一种供许多用户共享的资源。为保证数据的一致性,需要对**并发操作进行控制**,因此产生了**锁**。同时锁机制也为实现 MYSQL的各个**隔离级别提供了保证**。**锁冲突**也是影响数据库并发访问性能的一个重要因素。所以锁对数据库而言显得尤其重要,也更加复杂

## 二、MySQL并发事务访问相同记录  

并发事务访问相同记录的情况大致可以划分为3种：  

### 1.读-读情况  

读-读 情况，即并发事务相继 读取相同的记录 。读取操作本身不会对记录有任何影响，并不会引起什么问题，所以**允许**这种情况的发生。  

### 2.写-写情况  

写-写 情况，即并发事务相继对相同的记录做出改动  。

在这种情况下会发生 **脏写** 的问题，**任何一种隔离级别都不允许这种问题的发生**。所以在多个未提交事务相继对一条记录做改动时，需要让它们 **排队执行** ，这个排队的过程其实是通过 锁 来实现的。这个所谓的锁其实是一个 内存中的结构 ，在事务执行前本来是没有锁的，也就是说一开始是没有 **锁结构** 和记录进行关联的，如图所示：  

![image-20231016190623342](https://cdn.jsdelivr.net/gh/JarvisTH/picbed/img/image-20231016190623342.png)

当一个事务想对这条记录做改动时，首先会看看内存中有没有与这条记录关联的 **锁结构** ，当没有的时候就会在内存中生成一个 **锁结构 与之关联**。比如，事务 T1 要对这条记录做改动，就需要生成一个 锁结构与之关联：  

![image-20231016190715312](https://cdn.jsdelivr.net/gh/JarvisTH/picbed/img/image-20231016190715312.png)

在锁结构里有很多信息,为了简化理解,只把两个比较重要的属性拿了出来：

- trx信息:代表这个锁结构是哪个事务生成的。
- is_waiting:代表当前事务是否在等待

当事务**T1**改动了这条记录后,就生成了一个**锁结构**与该记录关联,因为之前没有别的事务为这条记录加锁,所以is_ waiting属性就是false,我们把这个场景就称之为**获取锁成功**,或者加锁成功,然后就可以继续执行操作了。

在事务T1提交之前,另一个事务**T2**也想对该记录做改动,那么先看看有没有锁结构与这条记录关联,发现有一个锁结构与之关联后,然后也生成了一个锁结构与这条记录关联,不过锁结构的 **Is_walting属性值为true**,表示当前事务需要等待,我们把这个场景就称之为**获取锁失败**,或者加锁失败,图示

![image-20231016191046759](https://cdn.jsdelivr.net/gh/JarvisTH/picbed/img/image-20231016191046759.png)

在事务T1提交之后,就会把该事务生成的锁结构释放掉,然后看看还有没有别的事务在等待获取锁,发现了事务T2还在等待获取锁,所以把事务T2对应的锁结构的**is_ waiting属性设置为 false**,然后把该事务对应的线程唤醒,让它继续执行,此时事务T2就算获取到锁了。效果图就是这样:

<img src="https://cdn.jsdelivr.net/gh/JarvisTH/picbed/img/image-20231016191147295.png" alt="image-20231016191147295" style="zoom: 50%;" />

小结几种说法：

- 不加锁：意思就是不需要在内存中生成对应的 锁结构 ，可以直接执行操作。
- 获取锁成功，或者加锁成功：意思就是在内存中生成了对应的 锁结构 ，而且锁结构的 is_waiting 属性为 false ，也就是事务可以继续执行操作。
- 获取锁失败，或者加锁失败，或者没有获取到锁： 意思就是在内存中生成了对应的 锁结构 ，不过锁结构的 is_waiting 属性为 true ，也就是事务需要等待，不可以继续执行操作。  

### 3.读-写或写-读情况  

读-写 或 写-读 ，即一个事务进行读取操作，另一个进行改动操作。这种情况下可能发生 **脏读 、 不可重复读 、 幻读** 的问题。  

各个数据库厂商对 SQL标准 的支持都可能不一样。比如MySQL在 **REPEATABLE READ** 隔离级别上就已经解决了 **幻读** 问题。  

### 4.并发问题的解决方案  

怎么解决 **脏读 、 不可重复读 、 幻读** 这些问题呢？其实有两种可选的解决方案：  

- **方案一：读操作利用多版本并发控制（ MVCC ，下章讲解），写操作进行 加锁** 。  

所谓的**MvCC**,就是生成一个 **Readview**,通过 Read View找到符合条件的记录版本(历史版本由**undo**日志构建)。查询语句只能读到在生成 Read View之前**已提交事务所做的更改**,在生成 Readview之前未提交的事务或者之后才开启的事务所做的更改是看不到的。而写操作肯定针对的是**最新版本的记录**,读记录的历史版本和改动记录的最新版本本身并不冲突,也就是采用MVCC时,读-写操作并不冲突。

> 普通的SELECT语句在READ COMMITTED和REPEATABLE READ隔离级别下会使用到MVCC读取记录。
>
> - 在 **READ COMMITTED** 隔离级别下，一个事务在执行过程中每次执行SELECT操作时都会生成一个ReadView，ReadView的存在本身就保证了 **事务不可以读取到未提交的事务所做的更改** ，也就是避免了脏读现象；
> - 在 **REPEATABLE READ** 隔离级别下，一个事务在执行过程中只有 **第一次执行SELECT操作** 才会生成一个ReadView，之后的SELECT操作都 **复用** 这个ReadView，这样也就避免了不可重复读和幻读的问题

- **方案二：读、写操作都采用 加锁 的方式**  

如果我们的一些业务场景不允许读取记录的旧版本,而是每次都必须去**读取记录的最新版本**。比如,在银行存款的事务中,你需要先把账户的余额读岀来,然后将其加上本次存款的数额,最后再写到数据库中。在将账户余额读取出来后,就不想让別的事务再访问该余额,直到本次存款事务执行完成,其他事务才可以访问账户的余额。这样在读取记录的时候就需要对其进行加锁操作,这样也就意味着读操作和写操作也像写-写操作那样**排队**执行。

**脏读**的产生是因为当前事务读取了另一个未提交事务写的一条记录,如果另一个事务在写记录的时候就绐这条记录加锁,那么当前事务就无法继续读取该记录了,所以也就不会有脏读问题的产生了。

**不可重复读**的产生是因为当前事务先读取一条记录,另外一个事务对该记录做了改动之后并提交之后,当前事务再次读取时会获得不同的值,如果在当前事务读取记录时就给该记录加锁,那么另一个事务就无法修改该记录,自然也不会发生不可重复读了。

**幻读**问题的产生是因为当前事务读取了一个范围的记录,然后另外的事务向该范围内插入了新记录,当前事务再次读取该范围的记录时发现了新插入的新记录。采用加锁的方式解决幻读问题就有一些麻烦,因为当前事务在第次读取记录时幻影记录并不存在,所以读取的时候加锁就有点尴尬(因为你并不知道给谁加锁)。

- 小结对比发现：
  - 采用**MVCC**方式的话,读-写操作彼此并**不冲突**,**性能更高**
  - 采用**加锁**方式的话,读-写操作彼此需要**排队执行,影响性能**。

一般情况下我们当然愿意采用**MvCC来解决读-写操作**并发执行的问题,但是业务在某些特殊情况下,要求必须采用**加锁**的方式执行。下面就讲解下MSQL中不同类别的锁。

## 三、锁的不同角度分类  

锁的分类图，如下：  

![image-20231016192415387](https://cdn.jsdelivr.net/gh/JarvisTH/picbed/img/image-20231016192415387.png)

### 1.从数据操作的类型划分：读锁、写锁  

对于数据库中并发事务的**读-读**情况并不会引什么问题。对于写-写、读-写或写-读这些情况可能会引起一些问题,需要使用**MvCC或者加锁**的方式来解决它们。在使用加锁的方式解决问题时,由于既要允许读-读情况不受影响,又要使写-写、读-写或写-读情况中的操作相互阻塞,所以MysQL实现—个由两种类型的锁组成的锁系统来解决。这两种类型的锁通常被称为**共享锁( Shared Lock, S Lock)**和**排他锁( Exclusive Lock,ⅩLock)**也叫**读锁( readlock)和写锁( write lock)**。

- **读锁** ：也称为 共享锁 、英文用 S 表示。针对同一份数据，多个事务的读操作可以同时进行而不会互相影响，相互不阻塞的。
- **写锁** ：也称为 排他锁 、英文用 X 表示。当前写操作没有完成前，它会阻断其他写锁和读锁。这样就能确保在给定的时间里，只有一个事务能执行写入，并防止其他用户读取正在写入的同一资源。

**需要注意的是对于 InnoDB 引擎来说，读锁和写锁可以加在表上，也可以加在行上。**  

举例(**行级读写锁**):如果—个事务T1已经获得了某个行r的读锁,那么此时另外的一个事务T2是可以去获得这个行r的读锁的,因为读取操作并没有改变行r的数据;但是,如果某个事务T3想获得行r的写锁,则它必须等待事务T1、T2释放掉行r上的读锁才行。

总结:这里的兼容是指对同一张表或记录的锁的兼容性情况。

![image-20231016192907588](https://cdn.jsdelivr.net/gh/JarvisTH/picbed/img/image-20231016192907588.png)

#### 1.锁定读

在采用**加锁**方式解决**脏读、不可重复读、幻读**这些问题时,读取一条记录时需要获取该记录的**S锁**,其实是不严谨的,有时候需要在读取记录时就获取记录的**x锁,**来禁止别的事务读写该记录,为此MysQl提出了两种比较特殊的 **SELECT**语句格式：

- 对读取的记录加**S锁**

  ```sql
  select ... lock in share mode
  或
  select ... for share # 8.0新增语法
  ```

  在普通的 SELECT语句后边加 **LOCK IN SHARE MODE**,如果当前事务执行了该语句,那么为读取到的记录加**S锁**,这样允许别的事务继续获取这些记录的**S锁**(比方说别的事务也使用 SELECT  ... LOCK IN SHARE MODE语句来读取这些记录),但是不能获取这些记录的X锁(比如使用 SELECT... FOR UPDATE语句来读取这些记录,或者直接修改这些记录)。如果别的事务想要获取这些记录的**Ⅹ锁**,那么它们会阻塞,直到当前事务提交之后将这些记录上的**S锁**释放掉。

- 对读取的记录加**X锁**

  ```sql
  select ... for update;
  ```

  在普通的 SELEC语句后边加**FOR UPDATE,**如果当前事务执行了该语句,那么它会为读取到的记录**加x锁**。这样既不允许别的事务获取这些记录的**S锁**(比方说别的事务使用 SELECT LOCK IN SHARE MODE句来读取这些记录),也不允许获取这些记录的**X锁**(比如使用 SELECT  FOR UPDATE语句来读取这些记录,或者直接修改这些记录)。如果别的事务想要获取这些记录的S锁或者X锁,那么它们会阻塞,直到当前事务提交之后将些记录上的**X锁**释放棹。

**MySQL8.0新特性**：

在5.7及之前的版本, SELECT… FOR UPDATE,如果获取不到锁,会一直等待,直到**innodb_lock_wait_timeout**超时。在8.0版本中, SELECT…. FOR UPDATE, SELECT…. FOR SHARE添加**NOWAIT**、 **SKIP LOCKED**语法,跳过锁等待,或者跳过锁定。

- 通过添加 NOWAIT、 SKIP LOCKED语法,能够立即返回。如果查询的行已经加锁:
  - 那么 NOWAIT会立即报错返回
  - 而 SKIP LOCKED也会立即返回,只是返回的结果中不包含被锁定的行。

```sql
mysql> begin;

mysql>  SELECT * FROM `t_customer` for update;
```

```sql
mysql> begin;

mysql> SELECT * FROM `t_customer` for update nowait;
ERROR 3572 (HY000): Statement aborted because lock(s) could not be acquired immediately and NOWAIT is set.
mysql> SELECT * FROM `t_customer` for update skip locked;
Empty set (0.00 sec)
```

#### 2.写操作

平常所用到的写操作无非是**DELETE、 UPDATE、 INSER**T这三种：

- DELET

  对一条记录做 DELETE操作的过程其实是先在B+树中定位到这条记录的位置,然后获取这条记录的**X锁**,再执行 **delete mark**操作。我们也可以把这个定位待删除记录在B+树中位置的过程看成是一个获取Ⅹ锁的锁定

- UPDATE：在对一条记录做 UPDATE操作时分为三种情况：

  - 情况1:未修改该记录的键值,并且被更新的列占用的存储空间在修改前后未发生变化则先在**B+树**中定位到这条记录的位置,然后再获取一下记录的Ⅹ锁,最后在原记录的位置进行修改操作。我们也可以把这个定位待修改记录在B+树中位置的过程看成是一个获取Ⅹ锁的锁定读
  - 情况2:未修改该记录的键值,并且至少有一个被更新的列占用的存储空间在修改前后发生变化。则先在B+树中定位到这条记录的位置,然后获取一下记录的X锁,将该记录彻底删除掉(就是把记录彻底移入垃圾链表),最后再插入一条新记录。这个定位待修改记录在B+树中位置的过程看成是一个获取**Ⅹ锁的锁定读**,新插入的记录由 **INSERT**操作提供的**隐式锁**进行保护
  - 情况3:修改了该记录的键值,则相当于在原记录上做 **DELETE**操作之后再来一次 **INSERT**操作,加锁操作就需要按照 DELETE和 INSERT的规则进行了。

- INSERT

  一般情况下,新插入一条记录的操作并不加锁,通过一种称之为**隐式锁**的结构来保护这条新插入的记录在本事务提交前不被别的事务访问。

### 2.从数据操作的粒度划分：表级锁、页级锁、行锁  

为了尽可能提高数据库的并发度,每次锁定的数据范围越小越好,理论上毎次只锁定当前操作的数据的方案会得到最大的并发度,但是管理锁是很**耗资源**的事情(涉及获取、检査、释放锁等动作)。因此数据库系统需要在高并发响应和系统性能两方面进行平衡,这样就产生了“**锁粒度( Lock granularity)**”的概念。

对一条记录加锁影响的也只是这条记录而已,我们就说这个锁的粒度比较细;其实一个事务也可以在表级别进行加锁,自然就被称之为**表级锁或者表锁**,对一个表加锁影响整个表中的记录,我们就说这个锁的粒度比较粗。锁的粒度主要分为**表级锁、页级锁和行锁**。

#### 1.表锁（Table Lock）  

该锁会锁定整张表,它是 MYSQL中最基本的锁策略,并**不依赖于存储引擎**(不管你是 MYSQL的什么存储引擎对于表锁的策略都是一样的),并且表锁是**开销最小**的策略因为粒度比较大)。由于表级锁一次会将整个表锁定,所以可以很好的**避免死锁**问题。当然,锁的粒度大所带来最大的负面影响就是岀现锁资源争用的概率也会最高,导致**并发率大打折扣**

##### ① 表级别的S锁、X锁  

在对某个表执行SELECT、INSERT、DELETE、UPDATE语句时，InnoDB存储引擎是不会为这个表添加表级别的 **S锁 或者 X锁** 的。在对某个表执行一些诸如 **ALTER TABLE 、 DROP TABLE** 这类的 DDL 语句时，其他事务对这个表并发执行诸如SELECT、INSERT、DELETE、UPDATE的语句会发生阻塞。同理，某个事务中对某个表执行SELECT、INSERT、DELETE、UPDATE语句时，在其他会话中对这个表执行 DDL 语句也会发生阻塞。这个过程其实是通过在 **server层** 使用一种称之为 **元数据锁** （英文名： Metadata Locks ，简称 MDL ）结构来实现的。  

一般情况下，不会使用InnoDB存储引擎提供的表级别的 **S锁 和 X锁** 。只会在一些特殊情况下，比方说 **崩溃恢复** 过程中用到。比如，在系统变量 **autocommit=0，innodb_table_locks = 1** 时， 手动 获取InnoDB存储引擎提供的表t 的 S锁 或者 X锁 可以这么写：  

- **LOCK TABLES t READ** ：InnoDB存储引擎会对表 t 加表级别的 **S锁** 。
- **LOCK TABLES t WRITE** ：InnoDB存储引擎会对表 t 加表级别的 **X锁** 。

不过尽量避免在使用InnoDB存储引擎的表上使用 **LOCK TABLES** 这样的手动锁表语句，它们并不会提供什么额外的保护，只是会降低并发能力而已。InnoDB的厉害之处还是实现了更细粒度的 **行锁** ，关于InnoDB表级别的 S锁 和 X锁 大家了解一下就可以了。  

```sql
mysql> show open tables where in_use;
Empty set (0.00 sec)

mysql> lock tables t_customer read;
Query OK, 0 rows affected (6.64 sec)

mysql> show open tables where in_use;
+-----------+------------+--------+-------------+
| Database  | Table      | In_use | Name_locked |
+-----------+------------+--------+-------------+
| atguigudb | t_customer |      1 |           0 |
+-----------+------------+--------+-------------+
```

MySQL的表级锁有两种模式：（以MyISAM表进行操作的演示）

- 表共享读锁（Table Read Lock）
- 表独占写锁（Table Write Lock）  

![image-20231016200128856](https://cdn.jsdelivr.net/gh/JarvisTH/picbed/img/image-20231016200128856.png)

##### ② 意向锁 （intention lock）  

InnoDB 支持 **多粒度锁（multiple granularity locking）** ，它允许 **行级锁 与 表级锁 共存**，而意向锁就是其中的一种 **表锁** 。 

1.意向锁的存在是为了协调行锁和表锁的关系,支持多粒度(表锁与行锁)的锁并存。

2.意向锁是一种**不与行级锁冲突表级锁**,这一点非常重要

3.表明“某个事务正在某些行持有了锁或该事务准备去持有锁

意向锁分为两种：  

- 意向共享锁（intention shared lock, IS）：事务有意向对表中的某些行加**共享锁（S锁）**  

```sql
-- 事务要获取某些行的 S 锁，必须先获得表的 IS 锁。
SELECT column FROM table ... LOCK IN SHARE MODE;
```

- 意向排他锁（intention exclusive lock, IX）：事务有意向对表中的某些行**加排他锁（X锁）**  

```
-- 事务要获取某些行的 X 锁，必须先获得表的 IX 锁。
SELECT column FROM table ... FOR UPDATE;
```

即：意向锁是由存储引擎 自己维护的 ，用户无法手动操作意向锁，在为数据行加共享 / 排他锁之前， InooDB 会先获取该数据行 **所在数据表的对应意向锁** 。  

**1.意向锁要解决的问题**

现在有两个事务,分别是T1和T2,其中T2试图在该表级别上应用共享或排它锁,如果没有意向锁存在,那么T2就需要去检查各个页或行是否存在锁;如果存在意向锁,那么此时就会受到由T1控制的**表级别意向锁的阻塞**。T2在锁定该表前不必检查各个页或行锁,而只需检査表上的意向锁。简单来说就是给更大一级别的空间示意里面是否已经上过锁。

在数据表的场景中,**如果我们给某一行数据加上了排它锁,数据库会自动给更大一级的空间,比如数据页或数据表加上意向锁,告诉其他人这个数据页或数据表已经有人上过排它锁了**,这样当其他人想要获取数据表排它锁的时候,只需要了解是否有人已经获取了这个数据表的意向排他锁即可。

- 如果事务想要获得数据表中某些记录的共享锁,就需要在数据表上添加意向共享锁。
- 如果事务想要获得数据表中某些记录的排他锁,就需要在数据表上添加意向排他锁。

这时,意向锁会告诉其他事务已经有人锁定了表中的某些记录。

**2.意向锁的并发性**  

意向锁不会与行级的共享 / 排他锁互斥！正因为如此，意向锁并不会影响到多个事务对不同数据行加排他锁时的并发性。（不然我们直接用普通的表锁就行了）  

**结论：**  

1. InnoDB 支持 **多粒度锁** ，特定场景下，行级锁可以与表级锁共存。
2. 意向锁之间互不排斥，但除了 IS 与 S 兼容外， **意向锁会与 共享锁 / 排他锁 互斥** 。
3. IX，IS是表级锁，不会和行级的X，S锁发生冲突。只会和表级的X，S发生冲突。
4.  意向锁在保证并发性的前提下，实现了 **行锁和表锁共存 且 满足事务隔离性** 的要求。

##### ③ 自增锁（AUTO-INC锁）  

在使用MySQL过程中，我们可以为表的某个列添加 AUTO_INCREMENT 属性。举例：  

```sql
CREATE TABLE `teacher` (
`id` int NOT NULL AUTO_INCREMENT,
`name` varchar(255) NOT NULL,
PRIMARY KEY (`id`)
) ENGINE=InnoDB DEFAULT CHARSET=utf8mb4 COLLATE=utf8mb4_0900_ai_ci;
```

由于这个表的id字段声明了AUTO_INCREMENT，意味着在书写插入语句时不需要为其赋值 。

所有插入数据的方式总共分为三类，分别是“ Simple inserts ”，“ Bulk inserts ”和“ Mixed-mode inserts ”：

1.“Simple inserts” （简单插入）

可以 预先确定要插入的行数 （当语句被初始处理时）的语句。包括没有嵌套子查询的单行和多行INSERT...VALUES() 和 REPLACE 语句。比如我们上面举的例子就属于该类插入，已经确定要插入的行数。

2.“Bulk inserts” （批量插入）

事先不知道要插入的行数 （和所需自动递增值的数量）的语句。比如 INSERT ... SELECT ， REPLACE ... SELECT 和 LOAD DATA 语句，但不包括纯INSERT。 InnoDB在每处理一行，为AUTO_INCREMENT列分配一个新值。

3.“Mixed-mode inserts” （混合模式插入）

这些是“Simple inserts”语句但是指定部分新行的自动递增值。例如 INSERT INTO teacher (id,name) VALUES (1,'a'), (NULL,'b'), (5,'c'), (NULL,'d'); 只是指定了部分id的值。另一种类型的“混合模式插入”是 INSERT ... ON DUPLICATE KEY UPDATE 。

对于上面数据插入的案例, MYSQL中采用了**自增锁**的方式来实现,**AUTO-NC锁是当向使用含有AUTO_ INCREMENT列的表中插入数据时需要获取的一种特殊的表级锁,**在执行插入语句时就在表级别加一个AUTO-NC锁,然后为每条待插入记录的AUTO_ INCREMENT修饰的列分配递增的值,在该语句执行结束后,再把AUTo-IN锁释放掉。**一个事务在持有 AUTO-INC锁的过程中,其他事务的插入语句都要被阻塞**,可以保证一个语句中分配的递增值是连续的。也正因为此,其并发性显然并不高,当我们向一个有 AUTO INCREMENT关键字的主键插入值的时候,每条语句都要对这个表锁进行竞争,这样的并发潜力其实是很低下的,所以 innodb通过 innodb_ autoinc_Lock_mode的不同取值来提供不同的锁定机制,来显著提高sQL语句的可伸缩性和性能。

innodb_autoinc_lock_mode有三种取值，分别对应与不同锁定模式：  

（1）**innodb_autoinc_lock_mode = 0(“传统”锁定模式)**

在此锁定模式下，所有类型的insert语句都会获得一个特殊的表级AUTO-INC锁，用于插入具有AUTO_INCREMENT列的表。这种模式其实就如我们上面的例子，即每当执行insert的时候，都会得到一个表级锁(AUTO-INC锁)，使得语句中生成的auto_increment为顺序，且在binlog中重放的时候，可以保证master与slave中数据的auto_increment是相同的。因为是表级锁，当在同一时间多个事务中执行insert的时候，对于AUTO-INC锁的争夺会 限制并发 能力。

（2）**innodb_autoinc_lock_mode = 1(“连续”锁定模式)**

在 MySQL 8.0 之前，连续锁定模式是 默认 的。在这个模式下，“bulk inserts”仍然使用AUTO-INC表级锁，并保持到语句结束。这适用于所有INSERT ... SELECT，REPLACE ... SELECT和LOAD DATA语句。同一时刻只有一个语句可以持有AUTO-INC锁。对于“Simple inserts”（要插入的行数事先已知），则通过在 mutex（轻量锁） 的控制下获得所需数量的自动递增值来避免表级AUTO-INC锁， 它只在分配过程的持续时间内保持，而不是直到语句完成。不使用表级AUTO-INC锁，除非AUTO-INC锁由另一个事务保持。如果另一个事务保持AUTO-INC锁，则“Simple inserts”等待AUTO-INC锁，如同它是一个“bulk inserts”。

（3）**innodb_autoinc_lock_mode = 2(“交错”锁定模式)**

从 MySQL **8.0** 开始，交错锁模式是 **默认** 设置。

在这种锁定模式下,所有类 INSERT语句都不会使用表级AUTO-INC锁,并且可以同时执行多个语句。这是最快和最可扩展的锁定模式,但是当使用基于语句的复制或恢复方案时,**从二进制日志重播SQL语句时,这是不安全的**。

在此锁定模式下,自动递增值**保证**在所有并发执行的所有类型的insert语句中是唯一且单调递增的。但是,由于多个语句可以同时生成数字(即,跨语句交叉编号),为任何给定语句插入的行生成的值可能不是连续的。

如果执行的语句是 "simple inserts”,其中要插入的行数已提前知道,除了“Mied- mode inserts之外,为单个语句生成的数字不会有间隙。然而,当执行“ bulk insertsˆ时,在由任何给定语句分配的自动递増值中可能存在间隙。

##### ④ 元数据锁（MDL锁）  

MySQL5.5引入了meta data lock，简称MDL锁，属于表锁范畴。MDL 的作用是，保证读写的正确性。比如，如果一个查询正在遍历一个表中的数据，而执行期间另一个线程对这个 **表结构做变更** ，增加了一列，那么查询线程拿到的结果跟表结构对不上，肯定是不行的。  

因此，**当对一个表做增删改查操作的时候，加 MDL读锁；当要对表做结构变更操作的时候，加 MDL 写锁。**  

读锁之间不互斥,因此你可以有多个线程同时对一张表增删改查。读写锁之间、写锁之间是互斥的,用来保证变更表结构操作的安全性,解决了DML和DD操作之间的-一致性问题。***不需要显式使用***,在访问一个表的时候会被自动加上

#### 2.行锁

行锁( Row lock)也称为记录锁,顾名思义,就是锁住某一行(某条记录row)。需要的注意的是, MYSQL服务器层并没有实现行锁机制,**行级锁只在存储引擎层实现**

优点:锁定力度小,发生**锁冲突概率低**,可以实现的**并发度高**。

缺点:对于锁的开销比较大,加锁会比较慢,容易岀现死锁情况。

InnoDB与MsAM的最大不同有两点:一是支持事务( TRANSACTION);二是采用了行级锁。

```sql
CREATE TABLE student(
id INT,
name VARCHAR(20),
class varchar(10),
PRIMARY KEY (id)
)Engine=Innodb CHARSET=utf8;

INSERT INTO student VALUES(1,'张三','一班'),(3,'李四','一班'),(8,'王五','二班'),(15,'赵六','二班'),(28,'钱七','三班');
```

##### ① 记录锁（Record Locks）  

记录锁也就是仅仅把一条记录锁上，官方的类型名称为： **LOCK_REC_NOT_GAP** 。比如我们把id值为8的那条记录加一个记录锁的示意图如图所示。仅仅是锁住了id值为8的记录，对周围的数据没有影响。  

![image-20231017165327032](https://cdn.jsdelivr.net/gh/JarvisTH/picbed/img/image-20231017165327032.png)

记录锁是有S锁和X锁之分的，称之为 **S型记录锁 和 X型记录锁** 

- 当一个事务获取了一条记录的S型记录锁后，其他事务也可以继续获取该记录的S型记录锁，但不可以继续获取X型记录锁；
- 当一个事务获取了一条记的X型记录锁后，其他事务既不可以继续获取该记录的S型记录锁，也不可以继续获取X型记录锁。

##### ② 间隙锁（Gap Locks）  

MySQL 在 **REPEATABLE READ** 隔离级别下是可以解决幻读问题的，解决方案有两种，可以使用 **MVCC** 方案解决，也可以采用 **加锁** 方案解决。但是在使用加锁方案解决时有个大问题，就是事务在第一次执行读取操作时，那些幻影记录尚不存在，我们无法给这些 幻影记录 加上 记录锁 。InnoDB提出了一种称之为**Gap Locks** 的锁，官方的类型名称为： LOCK_GAP ，我们可以简称为 gap锁 。比如，把id值为8的那条记录加一个gap锁的示意图如下。

![image-20231017165810532](https://cdn.jsdelivr.net/gh/JarvisTH/picbed/img/image-20231017165810532.png)

图中id值为8的记录加了gap锁，意味着 **不允许别的事务在id值为8的记录前边的间隙插入新记录** ，其实就是id列的值(3, 8)这个区间的新记录是不允许立即插入的。  

**gap锁的提出仅仅是为了防止插入幻影记录而提出的**。虽然有共享gap锁和独占gap锁这样的说法,但是它们起到的作用是相同的。而且如果对一条记录加了gap锁(不论是共享gap锁还是独占gap锁),并不会限制其他事务对这条记录加记录锁或者继续加gap锁。

gap锁可能会造成死锁。

##### ③ 临键锁（Next-Key Locks）  

有时候我们既想 锁住某条记录 ，又想 阻止 其他事务在该记录前边的 间隙插入新记录 ，所以InnoDB就提出了一种称之为 Next-Key Locks 的锁，官方的类型名称为： **LOCK_ORDINARY** ，我们也可以简称为next-key锁 。Next-Key Locks是在存储引擎 innodb 、事务级别在 可重复读 的情况下使用的数据库锁， **innodb默认的锁就是Next-Key locks**。

##### ④ 插入意向锁（Insert Intention Locks）  

说一个事务在 插入 一条记录时需要判断一下插入位置是不是被别的事务加了 **gap锁** （ next-key锁也包含 gap锁 ），如果有的话，插入操作需要等待，直到拥有 gap锁 的那个事务提交。但是**InnoDB规定事务在等待的时候也需要在内存中生成一个锁结构**，表明有事务想在某个 **间隙** 中 **插入** 新记录，但是现在在等待。InnoDB就把这种类型的锁命名为 **Insert Intention Locks** ，官方的类型名称为：LOCK_INSERT_INTENTION ，我们称为 **插入意向锁** 。插入意向锁是一种 Gap锁 ，不是意向锁，在insert操作时产生。

插入意向锁是在插入一条记录行前,由 **INSERT操作产生的一种间隙锁**。该锁用以表示插入意向,当多个事务在同一区间(gap)插入位置不同的多条数据时,事务之间不需要互相等待。假设存在两条值分别为4和7的记录,两个不同的事务分别试图插入值为5和6的两条记录,每个事务在获取插入行上独占的(排他)锁前,都会获取(4,7)之间的间隙锁,但是因为数据行之间并不冲突,所以两个事务之间并不会产生冲突(阻塞等待总结来说,插入意向锁的特性可以分成两部分。

(1)插入意向锁是—种特殊的**间隙锁**一一间隙锁可以锁定开区间内的部分记录。

(2)插入意向锁之间**互不排斥**,所以即使多个事务在同一区间插入多条记录,只要记录本身(主键、唯一索引)不冲突,那么事务之间就不会出现冲突等待。

注意,虽然插入意向锁中含有意向锁三个字,但是它并不属于意向锁而属于间隙锁,因为意向锁是表锁而插入意向锁是行锁。

插入意向锁是在插入一条记录行前，由 INSERT 操作产生的一种间隙锁 。

事实上插入意向锁并不会阻止别的事务继续获取该记录上任何类型的锁。  

#### 3. 页锁  

页锁就是在 **页的粒度** 上进行锁定，锁定的数据资源比行锁要多，因为一个页中可以有多个行记录。当我们使用页锁的时候，会出现数据浪费的现象，但这样的浪费最多也就是一个页上的数据行。**页锁的开销介于表锁和行锁之间，会出现死锁。锁定粒度介于表锁和行锁之间，并发度一般。**

每个层级的锁数量是有限制的，因为锁会占用内存空间， **锁空间的大小是有限的** 。当某个层级的锁数量超过了这个层级的阈值时，就会进行 **锁升级** 。锁升级就是用更大粒度的锁替代多个更小粒度的锁，比如InnoDB 中行锁升级为表锁，这样做的好处是占用的锁空间降低了，但同时数据的并发度也下降了。

### 3.从对待锁的态度划分:乐观锁、悲观锁  

从对待锁的态度来看锁的话，可以将锁分成乐观锁和悲观锁，从名字中也可以看出这两种锁是两种看待数据并发的思维方式 。需要注意的是，**乐观锁和悲观锁并不是锁，而是锁的 设计思想** 。  

#### 1.悲观锁（Pessimistic Locking）  

悲观锁是一种思想，顾名思义，就是很悲观，对数据被其他事务的修改持保守态度，会通过数据库自身的锁机制来实现，从而保证数据操作的排它性。

悲观锁总是假设最坏的情况，每次去拿数据的时候都认为别人会修改，所以每次在拿数据的时候都会上锁，这样别人想拿这个数据就会 **阻塞** 直到它拿到锁（**共享资源每次只给一个线程使用，其它线程阻塞，用完后再把资源转让给其它线程**）。比如行锁，表锁等，读锁，写锁等，都是在做操作之前先上锁，当其他线程想要访问数据时，都需要阻塞挂起。Java中 **synchronized 和 ReentrantLock** 等独占锁就是悲观锁思想的实现。

注意: **select…. for update语句执行过裎中所有扫描的行都会被锁上,因此在 MYSQL中用悲观锁必须确定使用了索引,而不是全表扫描,否则将会把整个表锁住。**

#### 2.乐观锁（Optimistic Locking）  

乐观锁认为对同一数据的并发操作不会总发生，属于小概率事件，不用每次都对数据上锁，但是在更新的时候会判断一下在此期间别人有没有去更新这个数据，也就是**不采用数据库自身的锁机制，而是通过程序来实现**。在程序上，我们可以采用 **版本号机制 或者 CAS机制** 实现。**乐观锁适用于多读的应用类型，这样可以提高吞吐量**。在Java中 **java.util.concurrent.atomic** 包下的原子变量类就是使用了乐观锁的一种实现方式：CAS实现的。  

**乐观锁的版本号机制**  

在表中设计一个 **版本字段 version** ，第一次读的时候，会获取 version 字段的取值。然后对数据进行更新或删除操作时，会执行 **UPDATE ... SET version=version+1 WHERE version=version** 。此时如果已经有事务对这条数据进行了更改，修改就不会成功。  

**乐观锁的时间戳机制**  

时间戳和版本号机制一样，也是在更新提交的时候，将当前数据的时间戳和更新之前取得的时间戳进行比较，如果两者一致则更新成功，否则就是版本冲突。  

对于**读写分离**的表，当master表中写入的数据没有及时同步到slave中时，会造成更新一直失败的问题，此时需要**强制读取master表**中的数据（即将select语句放到事务中即可，查询的master主库）。

#### 3.两种锁的适用场景  

1. **乐观锁** 适合 **读操作多** 的场景，相对来说写的操作比较少。它的优点在于 **程序实现** ， **不存在死锁**问题，不过适用场景也会相对乐观，因为它阻止不了除了程序以外的数据库操作。
2. **悲观锁** 适合 **写操作多** 的场景，因为写的操作具有 **排它性** 。采用悲观锁的方式，可以在数据库层面阻止其他事务对该数据的操作权限，防止 **读 - 写 和 写 - 写** 的冲突。

![image-20231017183744470](https://cdn.jsdelivr.net/gh/JarvisTH/picbed/img/image-20231017183744470.png)

### 4、按加锁的方式划分：显式锁、隐式锁  

#### 1.隐式锁  

一个事务在执行 **INSERT**操作时,如果即将插入的**间隙**已经被其他事务加了**gap锁**,那么本次 **INSERT**操作会阻塞,并且当前事务会在该间隙上加—个**插入意向锁**,否则一般情况下 **INSERT**操作是不加锁的。那如果一个事务首先插入了一条记录(此时并没有在内存生产与该记录关联的锁结构),然后另一个事务:·

- 立即使用 SELECT LOCK IN SHARE MODE语句读取这条记录,也就是要获取这条记录的**S锁**,或者使用SELECT FOR UPDATE语句读取这条记录,也就是要获取这条记录的**X锁,**怎么办?

  如果允许这种情况的发生,那么可能产生脏读问题。

- 立即修改这条记录,也就是要获取这条记录的X锁,怎么办?

  如果允许这种情况的发生,那么可能产生脏写问题。

这时候我们前边提过的**事务id**又要起作用了。我们把聚簇索引和二级索引中的记录分开看一下:

- **情景一**：对于聚簇索引记录来说，有一个 **trx_id** 隐藏列，该隐藏列记录着最后改动该记录的 **事务id** 。那么如果在当前事务中新插入一条聚簇索引记录后，该记录的 trx_id 隐藏列代表的的就是当前事务的 事务id ，如果其他事务此时想对该记录添加 **S锁 或者 X锁** 时，首先会看一下该记录的trx_id 隐藏列代表的事务是否是当前的活跃事务，如果是的话，那么就帮助当前事务创建一个 X锁 （也就是为当前事务创建一个锁结构， is_waiting 属性是 false ），然后自己进入等待状态（也就是为自己也创建一个锁结构， is_waiting 属性是 true ）。
- **情景二**：对于二级索引记录来说，本身并没有 **trx_id** 隐藏列，但是在二级索引页面的 **Page Header** 部分有一个 **PAGE_MAX_TRX_ID** 属性，该属性代表对该页面做改动的最大的 事务id ，如果 PAGE_MAX_TRX_ID 属性值小于当前最小的活跃 事务id ，那么说明对该页面做修改的事务都已经提交了，否则就需要在页面中定位到对应的二级索引记录，然后回表找到它对应的聚簇索引记录，然后再重复 情景一 的做法。

即:一个事务对新插入的记录可以不显式的加锁(生成—个锁结构),但是由于事务id的存在,相当于加了个隐式锁。别的事务在对这条记录加S锁或者X锁时,由于隐式锁的存在,会先帮助当前事务生成一个锁结构,然后自己再生成一个锁结构后进入等待状态。隐式锁是一种**延迟加锁**的机制,从而来减少加锁的数量。

隐武锁在实际内存对象中并不含有这个锁信息。只有当产生锁等待时,隐式锁转化为显式锁。

Innodb的 insert操作,对插入的记录不加锁,但是此时如果另一个线程进行当前读,类似以下的用例, session2会锁等待 session1,那么这是如何实现的呢

```sql
mysql> begin;
Query OK, 0 rows affected (0.00 sec)
mysql> insert INTO student VALUES(34,"周八","二班");
Query OK, 1 row affected (0.00 sec)
```

```sql
mysql> begin;
Query OK, 0 rows affected (0.00 sec)
mysql> select * from student lock in share mode; #执行完，当前事务被阻塞
```

```sql
mysql> SELECT * FROM performance_schema.data_lock_waits\G;
*************************** 1. row ***************************
ENGINE: INNODB
REQUESTING_ENGINE_LOCK_ID: 140562531358232:7:4:9:140562535668584
REQUESTING_ENGINE_TRANSACTION_ID: 422037508068888
REQUESTING_THREAD_ID: 64
REQUESTING_EVENT_ID: 6
REQUESTING_OBJECT_INSTANCE_BEGIN: 140562535668584
BLOCKING_ENGINE_LOCK_ID: 140562531351768:7:4:9:140562535619104
BLOCKING_ENGINE_TRANSACTION_ID: 15902
BLOCKING_THREAD_ID: 64
BLOCKING_EVENT_ID: 6
BLOCKING_OBJECT_INSTANCE_BEGIN: 140562535619104
1 row in set (0.00 sec)
```

隐式锁的逻辑过程如下：

A. InnoDB的每条记录中都一个隐含的trx_id字段，这个字段存在于聚簇索引的B+Tree中。

B. 在操作一条记录前，首先根据记录中的trx_id检查该事务是否是活动的事务(未提交或回滚)。如果是活动的事务，首先将 隐式锁 转换为 显式锁 (就是为该事务添加一个锁)。

C. 检查是否有锁冲突，如果有冲突，创建锁，并设置为waiting状态。如果没有冲突不加锁，跳到E。

D. 等待加锁成功，被唤醒，或者超时。

E. 写数据，并将自己的trx_id写入trx_id字段。

#### 2.显式锁  

通过特定的语句进行加锁，我们一般称之为显示加锁，例如：显示加共享锁：  

```
select .... lock in share mode
```

显示加排它锁：  

```
select .... for update
```

### 5.其它锁之：全局锁  

全局锁就是对 **整个数据库实例** 加锁。当你需要让整个库处于 **只读状态** 的时候，可以使用这个命令，之后其他线程的以下语句会被阻塞：数据更新语句（数据的增删改）、数据定义语句（包括建表、修改表结构等）和更新类事务的提交语句。**全局锁的典型使用 场景 是：做 全库逻辑备份 。**

全局锁的命令：

```sql
Flush tables with read lock
```

### 6.其它锁之：死锁  

死锁是指两个或多个事务在同一资源上相互占用，并请求锁定对方占用的资源，从而导致恶性循环。死锁示例：  

![image-20231017185300895](https://cdn.jsdelivr.net/gh/JarvisTH/picbed/img/image-20231017185300895.png)

这时候，事务1在等待事务2释放id=2的行锁，而事务2在等待事务1释放id=1的行锁。 事务1和事务2在互相等待对方的资源释放，就是进入了死锁状态。当出现死锁以后，有 两种策略 ：  

- 一种策略是，直接进入等待，直到超时。这个超时时间可以通过参数**innodb_lock_wait_timeout** 来设置。

在 Innodb中, innodb_ lock_ wait_timeout的默认值是**50s**,意味着如果采用第—个策略,当岀现死锁以后,第一个被锁住的线程要过50s才会超时退出,然后其他线程才有可能继续执行。对于在线服务来说,这个等待时间往往是无法接受的。

但是,我们又不可能直接把这个时间设置成一个很小的值,比如1s。这样当出现死锁的时候,确实很快就可以解开,但如果不是死锁,而是简单的锁等待呢?所以,超时时间设置太短的话,会出现很多误伤。

- 另一种策略是，发起死锁检测，发现死锁后，主动回滚死锁链条中的某一个事务（将持有最少行级排他锁的事务进行回滚），让其他事务得以继续执行。将参数 **innodb_deadlock_detect** 设置为on ，表示开启这个逻辑。

所以,正常情况下我们还是要采用第二种策略,即:**主动死锁检测**,而且 innodb_deadlock_detect的默认值本身就是on。主动死锁检测在发生死锁的时候,是能够快速发现并迸行处理的,但是它也是有额外负担的。

**第二种策略的成本分析**  

你可以想象一下这个过程:每当一个事务被锁的时候,就要看看它所依赖的线程有没有被别人锁住,如此循环,最后判断是否出现了循环等待,也就是死锁。

每个新来的被堵住的线程,都要判断会不会由于自己的加入导致了死锁,这是一个时间复杂度是o(n)的操作。假设有1000个并发线程要同时更新同一行,那么死锁检测操作就是100万这个量级的。虽然最终检测的结果是没有死锁,但是这期间要消耗大量的cPU资源。因此,你就会看到cpU利用率很高,但是每秒却执行不了几个事务。

那怎么解决由这种**热点行更新**导致的性能问题呢?间问题的症结在于,死锁检测要耗费大量的CPυ资源。

**方法1：如果你能确保这个业务一定不会出现死锁，可以临时把死锁检测关掉**。但是这种操作本身带有一定的风险，因为业务设计的时候一般不会把死锁当做一个严重错误，毕竟出现死锁了，就回滚，然后通过业务重试一般就没问题了，这是 **业务无损** 的。而关掉死锁检测意味着可能会出现大量的超时，这是**业务有损** 的。

**方法2：控制并发度**。如果并发能够控制住，比如同一行同时最多只有10个线程在更新，那么死锁检测的成本很低，就不会出现这个问题。

这个并发控制要做在 **数据库服务端** 。如果你有中间件，可以考虑在 **中间件实现** ；甚至有能力修改MySQL源码的人，也可以做在MySQL里面。基本思路就是，对于相同行的更新，在进入引擎之前排队，这样在InnoDB内部就不会有大量的死锁检测工作了。  

进一步：可以考虑通过将一行改成逻辑上的多行来减少锁冲突。比如,连锁超市账户总额的记录,可以考虑放到多条记录上。账户总额等于这多个记录的值的总和。

## 四、锁的内存结构

见pdf

## 五、锁监控

关于MySQL锁的监控，我们一般可以通过检查 InnoDB_row_lock 等状态变量来分析系统上的行锁的争夺情况  

```sql
mysql> show status like 'innodb_row_lock%';
+-------------------------------+-------+
| Variable_name                 | Value |
+-------------------------------+-------+
| Innodb_row_lock_current_waits | 0     |
| Innodb_row_lock_time          | 27305 |
| Innodb_row_lock_time_avg      | 9101  |
| Innodb_row_lock_time_max      | 15036 |
| Innodb_row_lock_waits         | 3     |
+-------------------------------+-------+
```

对各个状态量的说明如下：

- Innodb_row_lock_current_waits：当前正在等待锁定的数量；
- **Innodb_row_lock_time** ：从系统启动到现在锁定总时间长度；（等待总时长）
- **Innodb_row_lock_time_avg** ：每次等待所花平均时间；（等待平均时长）
- Innodb_row_lock_time_max：从系统启动到现在等待最常的一次所花的时间；
- **Innodb_row_lock_waits** ：系统启动后到现在总共等待的次数；（等待总次数）

其他监控方法：  

MySQL把事务和锁的信息记录在了 information_schema 库中，涉及到的三张表分别是**INNODB_TRX** 、 INNODB_LOCKS 和 INNODB_LOCK_WAITS 。  

MySQL5.7及之前 ，可以通过information_schema.INNODB_LOCKS查看事务的锁情况，但只能看到阻塞事务的锁；如果事务并未被阻塞，则在该表中看不到该事务的锁情况。  

MySQL8.0删除了information_schema.INNODB_LOCKS，添加了 **performance_schema.data_locks** ，可以通过performance_schema.data_locks查看事务的锁情况，和MySQL5.7及之前不同， performance_schema.data_locks不但可以看到阻塞该事务的锁，还可以看到该事务所持有的锁。同时，information_schema.INNODB_LOCK_WAITS也被 **performance_schema.data_lock_waits** 所代替。

## 六、死锁

https://www.jianshu.com/p/96a7b94a3c45

## 七、锁的其他建议

https://www.jianshu.com/p/aff85f08f95a

## 八、行锁升级表锁

- select...for update加锁的情况：

1. 主键字段：加行锁。
2. 唯一索引字段：加行锁。
3. 普通索引字段：加行锁。
4. 主键范围：加多个行锁。
5. 普通字段：加表锁。
6. 查询空数据：不加锁。

范围性查询情况：

1.进行范围查询时，**使用索引情况下会使用间隙锁或者临建锁。不使用索引则升级表锁；普通索引的数据重复率过高导致索引失效，行锁升级为表锁。行锁是建立在索引的基础上。**

- update操作
  - Innodb存储引擎默认的隔离级別【可重复读】,在该隔离级别下可能会岀现幻读的问题,因此innodb自己实现了行锁,通过 next-key-lock,来锁住记录本身以及记录之间的间隙,来防止幻读的产生
  - 如果使用一张表中的主键或者唯一索引作为条件,那么next-key-lock就会退化成记录锁,也就是给一些行记录加锁。
  - 但是如果在 update语句中 Where条件没有使用索引,就会产生全表扫描,就会对所有的记录加 next-key-lock(记录锁+间隙锁),就相当于锁定了整张表。
  - 在数据量非常大的数据库表执行 update操作时,如果没有索引,就会给全表加上临键锁,这个锁会持续比较长的时间,直到事务结束,这期间就只能执行 select语句,其他语句无法执行,业务就会停滞,影响非常大。
- 避免方式：
  - 设置 sql_safe_updates=1,该参数值为1时, update语句必须满足下面的条件之一才能执行
    - 使用 where,并且 where条件中必须有索引列
    - 使用limit
    - 同时使用 where和 Ilimit,这时 Where中可以没有索引。

